{
  "errors": [
    {
      "message": "Unexpected end of input",
      "locations": [
        {
          "line": 1,
          "column": 1
        }
      ]
    }
  ]
}
