{
  "errors": [
    {
      "message": "Unknown field \"unknown\" on type \"Query\"",
      "locations": [
        {
          "line": 2,
          "column": 5
        }
      ]
    }
  ]
}
